2025-04-28 09:00:00,575 ERROR frappe New Exception collected in error log
Site: erpnext.localhost
Form Dict: {'name': 'data', 'cmd': 'frappe.desk.desk_page.getpage'}
2025-04-28 09:01:59,887 ERROR frappe New Exception collected in error log
Site: erpnext.localhost
Form Dict: {'name': 'data', 'cmd': 'frappe.desk.desk_page.getpage'}
2025-04-28 09:03:25,334 ERROR frappe New Exception collected in error log
Site: erpnext.localhost
Form Dict: {'name': 'data', 'cmd': 'frappe.desk.desk_page.getpage'}
2025-04-28 09:03:56,755 ERROR frappe New Exception collected in error log
Site: erpnext.localhost
Form Dict: {'name': 'data', 'cmd': 'frappe.desk.desk_page.getpage'}
2025-04-28 09:17:29,452 ERROR frappe New Exception collected in error log
Site: erpnext.localhost
Form Dict: {'cmd': 'data_init.get_all_modules'}
2025-04-28 09:17:52,531 ERROR frappe New Exception collected in error log
Site: erpnext.localhost
Form Dict: {'cmd': 'data_init.get_all_modules'}
2025-04-28 09:19:25,084 ERROR frappe New Exception collected in error log
Site: erpnext.localhost
Form Dict: {'cmd': 'data_init.get_all_modules'}
2025-04-28 09:22:49,358 ERROR frappe New Exception collected in error log
Site: erpnext.localhost
Form Dict: {'cmd': 'data_init.get_all_modules'}
2025-04-28 09:23:25,510 ERROR frappe New Exception collected in error log
Site: erpnext.localhost
Form Dict: {'cmd': 'data_init.get_all_modules'}
2025-04-28 09:26:58,540 ERROR frappe New Exception collected in error log
Site: erpnext.localhost
Form Dict: {'cmd': 'data_init.get_all_modules'}
2025-04-28 09:34:16,540 ERROR frappe New Exception collected in error log
Site: erpnext.localhost
Form Dict: {'cmd': 'frappe.pages.data_init.data_init.get_all_modules'}
2025-04-28 09:34:57,888 ERROR frappe New Exception collected in error log
Site: erpnext.localhost
Form Dict: {'cmd': 'data_init.data_init.get_all_modules'}
2025-04-28 09:38:50,422 ERROR frappe New Exception collected in error log
Site: erpnext.localhost
Form Dict: {'cmd': 'data_init.data_init.get_all_modules'}
2025-04-28 09:43:25,047 ERROR frappe New Exception collected in error log
Site: erpnext.localhost
Form Dict: {'cmd': 'init_data.data_init.get_all_modules'}
2025-04-28 09:45:45,184 ERROR frappe New Exception collected in error log
Site: erpnext.localhost
Form Dict: {'cmd': 'init_data.data_init.get_all_modules'}
2025-04-28 09:46:27,000 ERROR frappe New Exception collected in error log
Site: erpnext.localhost
Form Dict: {'cmd': 'init_data.data_init.get_all_modules'}
2025-04-28 10:07:19,975 ERROR frappe New Exception collected in error log
Site: erpnext.localhost
Form Dict: {'cmd': 'init_data.data_init.get_all_modules'}
2025-04-28 10:07:30,953 ERROR frappe New Exception collected in error log
Site: erpnext.localhost
Form Dict: {'cmd': 'init_data.data_init.get_all_modules'}
2025-04-28 10:10:39,998 ERROR frappe New Exception collected in error log
Site: erpnext.localhost
Form Dict: {'cmd': 'erpnext.init_data.page.data_init.get_all_modules'}
2025-04-28 10:15:14,584 ERROR frappe New Exception collected in error log
Site: erpnext.localhost
Form Dict: {'cmd': 'erpnext.init_data.page.data_init.get_all_modules'}
2025-04-28 10:22:08,245 ERROR frappe New Exception collected in error log
Site: erpnext.localhost
Form Dict: {'cmd': 'erpnext.page.data_init.data_init.get_all_modules'}
2025-04-28 10:22:39,600 ERROR frappe New Exception collected in error log
Site: erpnext.localhost
Form Dict: {'cmd': 'erpnext.page.data_init.data_init.get_all_modules'}
2025-04-28 10:22:49,073 ERROR frappe New Exception collected in error log
Site: erpnext.localhost
Form Dict: {'cmd': 'erpnext.page.data_init.data_init.get_all_modules'}
2025-04-28 10:23:15,420 ERROR frappe New Exception collected in error log
Site: erpnext.localhost
Form Dict: {'cmd': 'erpnext.page.init_data.data_init.data_init.get_all_modules'}
2025-04-28 10:23:53,409 ERROR frappe New Exception collected in error log
Site: erpnext.localhost
Form Dict: {'cmd': 'init_data.page.data_init.get_all_modules'}
2025-04-28 10:26:46,165 ERROR frappe New Exception collected in error log
Site: erpnext.localhost
Form Dict: {'cmd': 'erpnext.init_data.page.data_init.get_all_modules'}
2025-04-28 10:27:27,929 ERROR frappe New Exception collected in error log
Site: erpnext.localhost
Form Dict: {'cmd': 'erpnext.init_data.page.data_init.get_all_modules'}
2025-04-28 10:28:31,200 ERROR frappe New Exception collected in error log
Site: erpnext.localhost
Form Dict: {'cmd': 'erpnext.init_data.page.data_init.get_all_modules'}
2025-04-28 10:30:09,884 ERROR frappe New Exception collected in error log
Site: erpnext.localhost
Form Dict: {'cmd': 'erpnext.init_data.page.data_init.get_all_modules'}
2025-04-28 10:30:51,496 ERROR frappe New Exception collected in error log
Site: erpnext.localhost
Form Dict: {'cmd': 'erpnext.init_data.page.data_init.get_all_modules'}
2025-04-28 10:42:15,789 ERROR frappe New Exception collected in error log
Site: erpnext.localhost
Form Dict: {'cmd': 'erpnext.init_data.page.data_init.get_all_modules'}
2025-04-28 10:42:41,044 ERROR frappe New Exception collected in error log
Site: erpnext.localhost
Form Dict: {'cmd': 'erpnext.init_data.page.data_init.get_all_modules'}
2025-04-28 11:00:28,740 ERROR frappe New Exception collected in error log
Site: erpnext.localhost
Form Dict: {'cmd': 'erpnext.init_data.page.data.get_all_modules'}
2025-04-28 11:02:29,562 ERROR frappe New Exception collected in error log
Site: erpnext.localhost
Form Dict: {'cmd': 'erpnext.init_data.page.data.get_all_modules'}
2025-04-28 11:12:58,569 ERROR frappe New Exception collected in error log
Site: erpnext.localhost
Form Dict: {'module_name': 'Stock', 'confirm': 'true', 'cmd': 'erpnext.init_data.page.data.reset_module_data'}
2025-04-28 11:17:31,664 ERROR frappe New Exception collected in error log
Site: erpnext.localhost
Form Dict: {'module_name': 'Stock', 'selected_doctypes': '["Variant Field"]', 'confirm': 'true', 'cmd': 'erpnext.init_data.page.data.reset_module_data'}
2025-04-28 22:05:45,204 ERROR frappe New Exception collected in error log
Site: erpnext.localhost
Form Dict: {'name': 'data', 'cmd': 'frappe.desk.desk_page.getpage'}
