2025-04-24 07:37:08,955 DEBUG cd frappe-bench && python3 -m venv env
2025-04-24 07:37:12,094 DEBUG cd frappe-bench && /home/fy/Documents/GitHub/erpnext/frappe-bench/env/bin/python -m pip install --quiet --upgrade pip
2025-04-24 07:37:15,246 DEBUG cd frappe-bench && /home/fy/Documents/GitHub/erpnext/frappe-bench/env/bin/python -m pip install --quiet wheel
2025-04-24 07:37:17,986 LOG Getting frappe
2025-04-24 07:37:17,986 DEBUG cd frappe-bench/apps && git clone https://github.com/frappe/frappe.git  --depth 1 --origin upstream
2025-04-24 07:38:13,864 LOG Installing frappe
2025-04-24 07:38:13,865 DEBUG cd /home/fy/Documents/GitHub/erpnext/frappe-bench && /home/fy/Documents/GitHub/erpnext/frappe-bench/env/bin/python -m pip install --quiet --upgrade -e /home/fy/Documents/GitHub/erpnext/frappe-bench/apps/frappe 
2025-04-24 07:39:13,771 DEBUG cd /home/fy/Documents/GitHub/erpnext/frappe-bench/apps/frappe && yarn install --check-files
2025-04-24 07:39:27,404 DEBUG cd frappe-bench && bench build
2025-04-24 07:39:27,607 INFO /home/fy/.local/bin/bench build
2025-04-24 07:39:59,967 LOG setting up backups
2025-04-24 07:39:59,985 LOG backups were set up
2025-04-24 07:39:59,985 INFO Bench frappe-bench initialized
2025-04-24 07:41:31,059 INFO /home/fy/.local/bin/bench start
2025-04-24 07:41:31,371 INFO /home/fy/.local/bin/bench serve --port 8000
2025-04-24 07:41:31,405 INFO /home/fy/.local/bin/bench worker
2025-04-24 07:41:31,408 INFO /home/fy/.local/bin/bench watch
2025-04-24 07:41:31,481 INFO /home/fy/.local/bin/bench schedule
2025-04-24 07:42:20,967 INFO /home/fy/.local/bin/bench new-site erpnext.localhost
2025-04-24 07:43:46,833 INFO /home/fy/.local/bin/bench new-site erpnext.localhost
2025-04-24 07:47:54,716 INFO /home/fy/.local/bin/bench get-app https://github.com/frappe/erpnext
2025-04-24 07:47:54,724 LOG Getting erpnext
2025-04-24 07:47:54,724 DEBUG cd ./apps && git clone https://github.com/frappe/erpnext  --depth 1 --origin upstream
2025-04-24 07:48:44,419 LOG Installing erpnext
2025-04-24 07:48:44,419 DEBUG cd /home/fy/Documents/GitHub/erpnext/frappe-bench && /home/fy/Documents/GitHub/erpnext/frappe-bench/env/bin/python -m pip install --quiet --upgrade -e /home/fy/Documents/GitHub/erpnext/frappe-bench/apps/erpnext 
2025-04-24 07:49:37,193 DEBUG cd /home/fy/Documents/GitHub/erpnext/frappe-bench/apps/erpnext && yarn install --check-files
2025-04-24 07:49:39,049 DEBUG bench build --app erpnext
2025-04-24 07:49:39,168 INFO /home/fy/.local/bin/bench build --app erpnext
2025-04-24 07:50:15,137 INFO /home/fy/.local/bin/bench --site erpnext.localhost install-app erpnext
2025-04-24 07:53:06,546 INFO /home/fy/.local/bin/bench start
2025-04-24 07:53:06,896 INFO /home/fy/.local/bin/bench serve --port 8000
2025-04-24 07:53:06,911 INFO /home/fy/.local/bin/bench watch
2025-04-24 07:53:06,912 INFO /home/fy/.local/bin/bench worker
2025-04-24 07:53:06,928 INFO /home/fy/.local/bin/bench schedule
2025-04-24 09:50:41,534 INFO /home/fy/.local/bin/bench start
2025-04-24 09:50:41,880 INFO /home/fy/.local/bin/bench watch
2025-04-24 09:50:41,889 INFO /home/fy/.local/bin/bench worker
2025-04-24 09:50:41,891 INFO /home/fy/.local/bin/bench serve --port 8000
2025-04-24 09:50:41,928 INFO /home/fy/.local/bin/bench schedule
2025-04-24 10:14:47,121 INFO /home/fy/.local/bin/bench --site erpnext.localhost clear-cache
2025-04-24 10:15:27,990 INFO /home/fy/.local/bin/bench start
2025-04-24 10:15:28,273 INFO /home/fy/.local/bin/bench serve --port 8000
2025-04-24 10:15:28,290 INFO /home/fy/.local/bin/bench schedule
2025-04-24 10:15:28,314 INFO /home/fy/.local/bin/bench watch
2025-04-24 10:15:28,399 INFO /home/fy/.local/bin/bench worker
2025-04-24 10:19:32,428 INFO /home/fy/.local/bin/bench restart
2025-04-24 10:20:10,667 INFO /home/fy/.local/bin/bench --site erpnext.localhost set-config developer_mode 1
2025-04-24 10:22:13,681 INFO /home/fy/.local/bin/bench --site erpnext.localhost clear-cache
2025-04-24 10:22:38,222 INFO /home/fy/.local/bin/bench start
2025-04-24 10:22:38,514 INFO /home/fy/.local/bin/bench worker
2025-04-24 10:22:38,518 INFO /home/fy/.local/bin/bench schedule
2025-04-24 10:22:38,538 INFO /home/fy/.local/bin/bench serve --port 8000
2025-04-24 10:22:38,602 INFO /home/fy/.local/bin/bench watch
2025-04-24 12:00:02,064 INFO /home/fy/.local/bin/bench --verbose --site all backup
2025-04-25 18:00:01,910 INFO /home/fy/.local/bin/bench --verbose --site all backup
2025-04-27 20:50:16,274 INFO /home/fy/.local/bin/bench strat
2025-04-27 20:50:21,889 INFO /home/fy/.local/bin/bench start
2025-04-27 20:50:22,296 INFO /home/fy/.local/bin/bench serve --port 8000
2025-04-27 20:50:22,301 INFO /home/fy/.local/bin/bench worker
2025-04-27 20:50:22,331 INFO /home/fy/.local/bin/bench watch
2025-04-27 20:50:22,352 INFO /home/fy/.local/bin/bench schedule
2025-04-27 21:00:52,627 INFO /home/fy/.local/bin/bench clear-cache
2025-04-27 21:01:22,474 INFO /home/fy/.local/bin/bench --site erpnext.localhost clear-cache
2025-04-27 21:01:33,782 INFO /home/fy/.local/bin/bench build
2025-04-27 21:02:07,117 INFO /home/fy/.local/bin/bench start
2025-04-27 21:02:07,425 INFO /home/fy/.local/bin/bench serve --port 8000
2025-04-27 21:02:07,571 INFO /home/fy/.local/bin/bench worker
2025-04-27 21:02:07,584 INFO /home/fy/.local/bin/bench watch
2025-04-27 21:02:07,616 INFO /home/fy/.local/bin/bench schedule
2025-04-28 08:12:22,838 INFO /home/fy/.local/bin/bench start
2025-04-28 08:12:23,170 INFO /home/fy/.local/bin/bench serve --port 8000
2025-04-28 08:12:23,182 INFO /home/fy/.local/bin/bench watch
2025-04-28 08:12:23,204 INFO /home/fy/.local/bin/bench schedule
2025-04-28 08:12:23,240 INFO /home/fy/.local/bin/bench worker
2025-04-28 08:18:45,800 INFO /home/fy/.local/bin/bench start
2025-04-28 08:18:46,100 INFO /home/fy/.local/bin/bench worker
2025-04-28 08:18:46,108 INFO /home/fy/.local/bin/bench serve --port 8000
2025-04-28 08:18:46,110 INFO /home/fy/.local/bin/bench watch
2025-04-28 08:18:46,130 INFO /home/fy/.local/bin/bench schedule
2025-04-28 08:42:54,825 INFO /home/fy/.local/bin/bench start
2025-04-28 08:42:55,113 INFO /home/fy/.local/bin/bench watch
2025-04-28 08:42:55,177 INFO /home/fy/.local/bin/bench schedule
2025-04-28 08:42:55,223 INFO /home/fy/.local/bin/bench worker
2025-04-28 08:42:55,267 INFO /home/fy/.local/bin/bench serve --port 8000
