2025-05-05 10:23:00,806 ERROR cssutils Property: Invalid value for "CSS Level 2.1" property: var(--gray-900) [14:3: color]
2025-05-05 10:23:00,847 WARNING cssutils Property: Unknown Property name. [64:2: word-wrap]
2025-05-05 10:23:00,851 WARNING cssutils Property: Unknown Property name. [83:2: columns]
2025-05-05 10:23:00,852 WARNING cssutils Property: Unknown Property name. [90:2: background-size]
2025-05-05 10:23:00,854 WARNING cssutils Property: Unknown Property name. [98:2: object-fit]
2025-05-05 10:23:00,856 ERROR cssutils Invalid token: ('INVALID', '",', 110, 63)
2025-05-05 10:23:00,857 ERROR cssutils PropertyValue: Unknown syntax or no value:  
	"InterVariable", "Inter", -apple-system", "BlinkMacSystemFont",
		"Segoe UI", "Roboto", "Oxygen", "Ubuntu", "Cantarell", "Fira Sans", "Droid Sans",
		"Helvetica Neue", sans-serif
2025-05-05 10:23:00,857 ERROR cssutils CSSStyleDeclaration: Syntax Error in Property: font-family: 
	"InterVariable", "Inter", -apple-system", "BlinkMacSystemFont",
		"Segoe UI", "Roboto", "Oxygen", "Ubuntu", "Cantarell", "Fira Sans", "Droid Sans",
		"Helvetica Neue", sans-serif
2025-05-05 10:23:00,857 WARNING cssutils Property: Unknown Property name. [114:2: -webkit-print-color-adjust]
2025-05-05 10:23:00,865 WARNING cssutils Property: Unknown Property name. [166:2: word-break]
2025-05-05 10:29:56,302 ERROR cssutils Property: Invalid value for "CSS Level 2.1" property: var(--gray-900) [14:3: color]
2025-05-05 10:29:56,310 WARNING cssutils Property: Unknown Property name. [64:2: word-wrap]
2025-05-05 10:29:56,314 WARNING cssutils Property: Unknown Property name. [83:2: columns]
2025-05-05 10:29:56,315 WARNING cssutils Property: Unknown Property name. [90:2: background-size]
2025-05-05 10:29:56,317 WARNING cssutils Property: Unknown Property name. [98:2: object-fit]
2025-05-05 10:29:56,319 ERROR cssutils Invalid token: ('INVALID', '",', 110, 63)
2025-05-05 10:29:56,319 ERROR cssutils PropertyValue: Unknown syntax or no value:  
	"InterVariable", "Inter", -apple-system", "BlinkMacSystemFont",
		"Segoe UI", "Roboto", "Oxygen", "Ubuntu", "Cantarell", "Fira Sans", "Droid Sans",
		"Helvetica Neue", sans-serif
2025-05-05 10:29:56,320 ERROR cssutils CSSStyleDeclaration: Syntax Error in Property: font-family: 
	"InterVariable", "Inter", -apple-system", "BlinkMacSystemFont",
		"Segoe UI", "Roboto", "Oxygen", "Ubuntu", "Cantarell", "Fira Sans", "Droid Sans",
		"Helvetica Neue", sans-serif
2025-05-05 10:29:56,320 WARNING cssutils Property: Unknown Property name. [114:2: -webkit-print-color-adjust]
2025-05-05 10:29:56,329 WARNING cssutils Property: Unknown Property name. [166:2: word-break]
